// Jest Snapshot v1, https://goo.gl/fbAQLP

exports[`compileAll should produce a ethers contract abstraction via a json artifact produced by sol-compiler 1`] = `
Array [
  "ethers",
  "ethers/v0.4",
  "ethers/v0.4/index.d.ts",
  "ethers/v0.4/Ownable.d.ts",
  "ethers/v0.4/OwnableFactory.ts",
  "ethers/v0.5",
  "ethers/v0.5/index.d.ts",
  "ethers/v0.5/Ownable.d.ts",
  "ethers/v0.5/OwnableFactory.ts",
]
`;
