
[TestGenSpecs - 1]
Bootstrap:
Host: app-0-ks-wf-bt-node1
type = "bootstrap"
schemaVersion = 1
name = "Keystone boot"
contractID = "0xB29934624cAe3765E33115A9530a13f5aEC7fa8A"
relay = "evm"

[relayConfig]
chainID = "1337"
providerType = "ocr3-capability"

Oracles:
Oracle 0:
Host: crib-local-0-ks-wf-node2.local
type = "offchainreporting2"
schemaVersion = 1
name = "Keystone"
contractID = "0xB29934624cAe3765E33115A9530a13f5aEC7fa8A"
ocrKeyBundleID = "20ccdc97afdf467465590115e3da4e5eb591bf5f43808e81a5d0807cd889b3c7"
p2pv2Bootstrappers = [
  "12D3KooWFSmZaLFF1nu3mzxPKj43F89WgVDqkpvwFUHBfMHSqpVq@app-0-ks-wf-bt-node1:6690",
]
relay = "evm"
pluginType = "plugin"
transmitterID = "0x75cf1355cC4Eb358feaBb9e269a4DAEeB6721DBB"

[relayConfig]
chainID = "1337"

[pluginConfig]
command = "chainlink-ocr3-capability"
ocrVersion = 3
pluginName = "ocr-capability"
providerType = "ocr3-capability"
telemetryType = "plugin"

[onchainSigningStrategy]
strategyName = 'multi-chain'
[onchainSigningStrategy.config]
evm = "20ccdc97afdf467465590115e3da4e5eb591bf5f43808e81a5d0807cd889b3c7"
aptos = "ac364cec9fe7d9ea1035fc511e5b2f30900caa6e65ac0501168005d05129e088"

--------------------------------
Oracle 1:
Host: crib-local-0-ks-wf-node3.local
type = "offchainreporting2"
schemaVersion = 1
name = "Keystone"
contractID = "0xB29934624cAe3765E33115A9530a13f5aEC7fa8A"
ocrKeyBundleID = "c734a4bf01aabe8152b7d0df0b18111ce9b3fe1ef1bca1d6a580967c8e4afc2d"
p2pv2Bootstrappers = [
  "12D3KooWFSmZaLFF1nu3mzxPKj43F89WgVDqkpvwFUHBfMHSqpVq@app-0-ks-wf-bt-node1:6690",
]
relay = "evm"
pluginType = "plugin"
transmitterID = "0xc6dcE30f492CBD223b9946603192f22D86e783ca"

[relayConfig]
chainID = "1337"

[pluginConfig]
command = "chainlink-ocr3-capability"
ocrVersion = 3
pluginName = "ocr-capability"
providerType = "ocr3-capability"
telemetryType = "plugin"

[onchainSigningStrategy]
strategyName = 'multi-chain'
[onchainSigningStrategy.config]
evm = "c734a4bf01aabe8152b7d0df0b18111ce9b3fe1ef1bca1d6a580967c8e4afc2d"
aptos = "f1dfc3d44ee349b4349f33ce4c0ec3716142e9be3ae3ba9276c616556f6430bb"

--------------------------------
Oracle 2:
Host: crib-local-0-ks-wf-node4.local
type = "offchainreporting2"
schemaVersion = 1
name = "Keystone"
contractID = "0xB29934624cAe3765E33115A9530a13f5aEC7fa8A"
ocrKeyBundleID = "129377e1aea4f628b2a3274e528a131175ace13e7cc062b048a34f5b4cf7b512"
p2pv2Bootstrappers = [
  "12D3KooWFSmZaLFF1nu3mzxPKj43F89WgVDqkpvwFUHBfMHSqpVq@app-0-ks-wf-bt-node1:6690",
]
relay = "evm"
pluginType = "plugin"
transmitterID = "0x1289d00A6565Afcd6437B09548F6019EF49696d0"

[relayConfig]
chainID = "1337"

[pluginConfig]
command = "chainlink-ocr3-capability"
ocrVersion = 3
pluginName = "ocr-capability"
providerType = "ocr3-capability"
telemetryType = "plugin"

[onchainSigningStrategy]
strategyName = 'multi-chain'
[onchainSigningStrategy.config]
evm = "129377e1aea4f628b2a3274e528a131175ace13e7cc062b048a34f5b4cf7b512"
aptos = "2e39d555ec0d1e8795167d72d2a53faa5c537762c144f8a569c601f6bcc95d1d"

--------------------------------
Oracle 3:
Host: crib-local-0-ks-wf-node5.local
type = "offchainreporting2"
schemaVersion = 1
name = "Keystone"
contractID = "0xB29934624cAe3765E33115A9530a13f5aEC7fa8A"
ocrKeyBundleID = "053f21bfd2bbdb65261308af2d0be48593229d644d8b9e3e5dbe36f85399ae6c"
p2pv2Bootstrappers = [
  "12D3KooWFSmZaLFF1nu3mzxPKj43F89WgVDqkpvwFUHBfMHSqpVq@app-0-ks-wf-bt-node1:6690",
]
relay = "evm"
pluginType = "plugin"
transmitterID = "0x4b92B0aaC39932B7302676F48e78FA91852DC0EE"

[relayConfig]
chainID = "1337"

[pluginConfig]
command = "chainlink-ocr3-capability"
ocrVersion = 3
pluginName = "ocr-capability"
providerType = "ocr3-capability"
telemetryType = "plugin"

[onchainSigningStrategy]
strategyName = 'multi-chain'
[onchainSigningStrategy.config]
evm = "053f21bfd2bbdb65261308af2d0be48593229d644d8b9e3e5dbe36f85399ae6c"
aptos = "3de7ab03a5b6b7fcfd196c6101d9302c5e6a5221ebd82b1fd9afa9a6bc9b0445"


---
