// Jest Snapshot v1, https://goo.gl/fbAQLP

exports[`pages/Jobs/Definition renders the job definition component 1`] = `"{  \\"name\\": \\"Job 1\\",  \\"initiators\\": [    {      \\"id\\": 1,      \\"type\\": \\"web\\",      \\"jobSpecId\\": \\"c60b9927eeae43168ddbe92584937b1b\\"    }  ],  \\"tasks\\": [    {      \\"confirmations\\": 0,      \\"type\\": \\"httpget\\",      \\"params\\": {        \\"get\\": \\"https://bitstamp.net/api/ticker/\\"      }    }  ],  \\"startAt\\": \\"2020-09-22T11:49:50.410Z\\",  \\"endAt\\": \\"2020-09-22T11:59:50.410Z\\"}"`;
